Microchip MPLAB XC8 Compiler V2.36

Linker command line:

-W-3 --edf=C:\Program Files\Microchip\xc8\v2.36\pic\dat\en_msgs.txt -cn \
  -h+dist/default/production\PIC_LCD_KEYPAD.production.sym \
  --cmf=dist/default/production\PIC_LCD_KEYPAD.production.cmf -z -Q16F877A \
  -oC:\Users\DELL\AppData\Local\Temp\xcAsc88.4 --defsym=__MPLAB_BUILD=1 \
  -Mdist/default/production/PIC_LCD_KEYPAD.production.map \
  --md=C:\Users\DELL\AppData\Local\Temp\xcAsc88.dat -E1 -ver=XC8 Compiler \
  --acfsm=1493 -ACODE=00h-07FFhx4 -ASTRCODE=00h-01FFFh -ASTRING=00h-0FFhx32 \
  -ACONST=00h-0FFhx32 -AENTRY=00h-0FFhx32 -ACOMMON=070h-07Fh \
  -ABANK0=020h-06Fh -ABANK1=0A0h-0EFh -ABANK2=0110h-016Fh \
  -ABANK3=0190h-01EFh -ARAM=020h-06Fh,0A0h-0EFh,0110h-016Fh,0190h-01EFh \
  -AABS1=020h-07Fh,0A0h-0EFh,0110h-016Fh,0190h-01EFh -ASFR0=00h-01Fh \
  -ASFR1=080h-09Fh -ASFR2=0100h-010Fh -ASFR3=0180h-018Fh \
  -ACONFIG=02007h-02007h -DCONFIG=2 -AIDLOC=02000h-02003h -DIDLOC=2 \
  -AEEDATA=00h-0FFh/02100h -peeprom_data=EEDATA -DEEDATA=2 -DCODE=2 \
  -DSTRCODE=2 -DSTRING=2 -DCONST=2 -DENTRY=2 \
  -preset_vec=00h,intentry,init,end_init -ppowerup=CODE -pcinit=CODE \
  -pfunctab=ENTRY -k C:\Users\DELL\AppData\Local\Temp\xcAsc88.o \
  dist/default/production\PIC_LCD_KEYPAD.production.o 

Object code version is 3.11

Machine type is 16F877A



                Name                               Link     Load   Length Selector   Space Scale
C:\Users\DELL\AppData\Local\Temp\xcAsc88.o
                end_init                              0        0        3        0       0
                config                             2007     2007        1        0       4
                idloc                              2000     2000        4        0       5
dist/default/production\PIC_LCD_KEYPAD.production.o
                cinit                               7D8      7D8       28      FB0       0
                config                             2007     2007        1        0       4
                idloc                              2000     2000        4        0       5
                text42                             1A0D     1A0D       1A     341A       0
                text41                             19E1     19E1       14     33C2       0
                text40                             1DD5     1DD5       5F     3BAA       0
                text39                             199C     199C       11     3338       0
                text38                             1495     1495      1A8     292A       0
                text37                             1BF3     1BF3       48     37E6       0
                text36                             1E34     1E34       93     3C68       0
                text35                             1ADF     1ADF       23     35BE       0
                text34                               28       28      2F5       50       0
                text33                             1993     1993        9     3326       0
                text32                             1BB4     1BB4       3F     3768       0
                text31                             1F5D     1F5D       A3     3EBA       0
                text30                              800      800        E      FB0       0
                text29                             19CF     19CF       12     339E       0
                text28                              A5E      A5E      27A     14BC       0
                text27                             19AD     19AD       11     335A       0
                text26                             1C3B     1C3B       4B     3876       0
                text25                             1B76     1B76       3E     36EC       0
                text24                             1B39     1B39       3D     3672       0
                text23                             1A42     1A42       1C     3484       0
                text22                             1A7C     1A7C       21     34F8       0
                text21                              831      831      22D     1062       0
                text20                             1A5E     1A5E       1E     34BC       0
                text19                             10D4     10D4       6B     21A8       0
                text18                             1D77     1D77       5E     3AEE       0
                text17                             1CD1     1CD1       4C     39A2       0
                text16                             1A9D     1A9D       21     353A       0
                text15                             113F     113F       A9     227E       0
                text14                             11E8     11E8       A9     23D0       0
                text13                             1ABE     1ABE       21     357C       0
                text12                              80E      80E       23     101C       0
                text11                             163D     163D      1C3     2C7A       0
                text10                             1D1D     1D1D       5A     3A3A       0
                text9                              1C86     1C86       4B     390C       0
                text8                               CD8      CD8      328     19B0       0
                text7                               31D      31D      4BB      63A       0
                text6                              1A27     1A27       1B     344E       0
                text5                              136B     136B      12A     26D6       0
                text4                              10C9     10C9        B     2192       0
                text3                                 3        3       25        0       0
                text2                              1B02     1B02       37     3604       0
                text1                              1291     1291       DA     2522       0
                maintext                           1EC7     1EC7       96     3D8E       0
                cstackBANK0                          20       20       50       20       1
                cstackCOMMON                         70       70        E       70       1
                cstackBANK1                          A0       A0       45       A0       1
                clrtext                            198B     198B        8     3316       0
                inittext                           19BE     19BE       11     337C       0
                dataBANK3                           1B2      1B2       18      190       1
                bssBANK3                            190      190       22      190       1
                dataBANK1                            ED       ED        1       A0       1
                bssBANK1                             E5       E5        8       A0       1
                strings                            1000     1000       C8     2000       0
                idataBANK3                         19F5     19F5       18     33EA       0
                idataBANK1                         10C8     10C8        1     2190       0

TOTAL           Name                               Link     Load   Length     Space
        CLASS   CODE           
                end_init                              0        0        3         0
                cinit                               7D8      7D8       28         0
                text42                             1A0D     1A0D       1A         0
                text41                             19E1     19E1       14         0
                text40                             1DD5     1DD5       5F         0
                text39                             199C     199C       11         0
                text38                             1495     1495      1A8         0
                text37                             1BF3     1BF3       48         0
                text36                             1E34     1E34       93         0
                text35                             1ADF     1ADF       23         0
                text34                               28       28      2F5         0
                text33                             1993     1993        9         0
                text32                             1BB4     1BB4       3F         0
                text31                             1F5D     1F5D       A3         0
                text30                              800      800        E         0
                text29                             19CF     19CF       12         0
                text28                              A5E      A5E      27A         0
                text27                             19AD     19AD       11         0
                text26                             1C3B     1C3B       4B         0
                text25                             1B76     1B76       3E         0
                text24                             1B39     1B39       3D         0
                text23                             1A42     1A42       1C         0
                text22                             1A7C     1A7C       21         0
                text21                              831      831      22D         0
                text20                             1A5E     1A5E       1E         0
                text19                             10D4     10D4       6B         0
                text18                             1D77     1D77       5E         0
                text17                             1CD1     1CD1       4C         0
                text16                             1A9D     1A9D       21         0
                text15                             113F     113F       A9         0
                text14                             11E8     11E8       A9         0
                text13                             1ABE     1ABE       21         0
                text12                              80E      80E       23         0
                text11                             163D     163D      1C3         0
                text10                             1D1D     1D1D       5A         0
                text9                              1C86     1C86       4B         0
                text8                               CD8      CD8      328         0
                text7                               31D      31D      4BB         0
                text6                              1A27     1A27       1B         0
                text5                              136B     136B      12A         0
                text4                              10C9     10C9        B         0
                text3                                 3        3       25         0
                text2                              1B02     1B02       37         0
                text1                              1291     1291       DA         0
                maintext                           1EC7     1EC7       96         0
                clrtext                            198B     198B        8         0
                inittext                           19BE     19BE       11         0
                idataBANK3                         19F5     19F5       18         0
                idataBANK1                         10C8     10C8        1         0

        CLASS   STRCODE        

        CLASS   STRING         
                strings                            1000     1000       C8         0

        CLASS   CONST          

        CLASS   ENTRY          

        CLASS   COMMON         
                cstackCOMMON                         70       70        E         1

        CLASS   BANK0          
                cstackBANK0                          20       20       50         1

        CLASS   BANK1          
                cstackBANK1                          A0       A0       45         1
                dataBANK1                            ED       ED        1         1
                bssBANK1                             E5       E5        8         1

        CLASS   BANK2          

        CLASS   BANK3          
                dataBANK3                           1B2      1B2       18         1
                bssBANK3                            190      190       22         1

        CLASS   RAM            

        CLASS   ABS1           
                abs_s1                               7E       7E        2         1

        CLASS   SFR0           

        CLASS   SFR1           

        CLASS   SFR2           

        CLASS   SFR3           

        CLASS   CONFIG         
                config                             2007     2007        1         4

        CLASS   IDLOC          
                idloc                              2000     2000        4         5

        CLASS   EEDATA         

        CLASS   STACK          



SEGMENTS        Name                           Load    Length   Top    Selector   Space  Class     Delta

                reset_vec                      000000  000028  000028         0       0  CODE        2
                cstackBANK0                    000020  000050  000070        20       1  BANK0       1
                text34                         000028  0002F5  00031D        50       0  CODE        2
                cstackCOMMON                   000070  00000E  00007E        70       1  COMMON      1
                cstackBANK1                    0000A0  00004E  0000EE        A0       1  BANK1       1
                bssBANK3                       000190  00003A  0001CA       190       1  BANK3       1
                text7                          00031D  0004BB  0007D8       63A       0  CODE        2
                cinit                          0007D8  000036  00080E       FB0       0  CODE        2
                text12                         00080E  000023  000831      101C       0  CODE        2
                text21                         000831  00022D  000A5E      1062       0  CODE        2
                text28                         000A5E  00027A  000CD8      14BC       0  CODE        2
                text8                          000CD8  000328  001000      19B0       0  CODE        2
                strings                        001000  0000C8  0010C8      2000       0  STRING      2
                idataBANK1                     0010C8  000001  0010C9      2190       0  CODE        2
                text4                          0010C9  00000B  0010D4      2192       0  CODE        2
                text19                         0010D4  00006B  00113F      21A8       0  CODE        2
                text15                         00113F  0000A9  0011E8      227E       0  CODE        2
                text14                         0011E8  0000A9  001291      23D0       0  CODE        2
                text1                          001291  0000DA  00136B      2522       0  CODE        2
                text5                          00136B  00012A  001495      26D6       0  CODE        2
                text38                         001495  0001A8  00163D      292A       0  CODE        2
                text11                         00163D  0001C3  001800      2C7A       0  CODE        2
                clrtext                        00198B  000008  001993      3316       0  CODE        2
                text33                         001993  000009  00199C      3326       0  CODE        2
                text39                         00199C  000011  0019AD      3338       0  CODE        2
                text27                         0019AD  000011  0019BE      335A       0  CODE        2
                inittext                       0019BE  000011  0019CF      337C       0  CODE        2
                text29                         0019CF  000012  0019E1      339E       0  CODE        2
                text41                         0019E1  000014  0019F5      33C2       0  CODE        2
                idataBANK3                     0019F5  000018  001A0D      33EA       0  CODE        2
                text42                         001A0D  00001A  001A27      341A       0  CODE        2
                text6                          001A27  00001B  001A42      344E       0  CODE        2
                text23                         001A42  00001C  001A5E      3484       0  CODE        2
                text20                         001A5E  00001E  001A7C      34BC       0  CODE        2
                text22                         001A7C  000021  001A9D      34F8       0  CODE        2
                text16                         001A9D  000021  001ABE      353A       0  CODE        2
                text13                         001ABE  000021  001ADF      357C       0  CODE        2
                text35                         001ADF  000023  001B02      35BE       0  CODE        2
                text2                          001B02  000037  001B39      3604       0  CODE        2
                text24                         001B39  00003D  001B76      3672       0  CODE        2
                text25                         001B76  00003E  001BB4      36EC       0  CODE        2
                text32                         001BB4  00003F  001BF3      3768       0  CODE        2
                text37                         001BF3  000048  001C3B      37E6       0  CODE        2
                text26                         001C3B  00004B  001C86      3876       0  CODE        2
                text9                          001C86  00004B  001CD1      390C       0  CODE        2
                text17                         001CD1  00004C  001D1D      39A2       0  CODE        2
                text10                         001D1D  00005A  001D77      3A3A       0  CODE        2
                text18                         001D77  00005E  001DD5      3AEE       0  CODE        2
                text40                         001DD5  00005F  001E34      3BAA       0  CODE        2
                text36                         001E34  000093  001EC7      3C68       0  CODE        2
                maintext                       001EC7  000096  001F5D      3D8E       0  CODE        2
                text31                         001F5D  0000A3  002000      3EBA       0  CODE        2


UNUSED ADDRESS RANGES

        Name                Unused          Largest block    Delta
        BANK1            00EE-00EF              2           1
        BANK2            0110-016F             60           1
        BANK3            01CA-01EF             26           1
        CODE             1800-198A            18B           2
        CONST            1800-198A            100           2
        EEDATA           2100-21FF            100           2
        ENTRY            1800-198A            100           2
        RAM              00EE-00EF              2           1
                         0110-016F             60
                         01CA-01EF             26
        SFR0             0000-001F             20           1
        SFR1             0080-009F             20           1
        SFR2             0100-010F             10           1
        SFR3             0180-018F             10           1
        STRCODE          1800-198A            18B           2
        STRING           1800-198A            100           2

                                  Symbol Table

?__Umul8_16               cstackCOMMON 0070
?___awdiv                 cstackCOMMON 0077
?___awmod                 cstackCOMMON 0070
?___fladd                 cstackBANK0  0052
?___fldiv                 cstackCOMMON 0070
?___flmul                 cstackBANK0  0024
?___flneg                 cstackCOMMON 0070
?___flsub                 cstackBANK0  0066
?___fltol                 cstackBANK0  0051
?___lldiv                 cstackCOMMON 0070
?___llmod                 cstackCOMMON 0070
?___lmul                  cstackCOMMON 0070
?___wmul                  cstackCOMMON 0070
?___xxtofl                cstackCOMMON 0070
?__div_to_l_              cstackCOMMON 0070
?__tdiv_to_l_             cstackCOMMON 0070
?_atof                    cstackBANK0  004E
?_fround                  cstackBANK0  003E
?_scale                   cstackBANK0  003E
?_sprintf                 cstackBANK1  00A0
?_strtod                  cstackBANK0  003E
LCD_CMD@CMD               cstackCOMMON 0072
LCD_DATA@Data             cstackCOMMON 0070
LCD_Set_Cursor@High4      cstackCOMMON 0078
LCD_Set_Cursor@Low4       cstackCOMMON 0077
LCD_Set_Cursor@Temp       cstackCOMMON 0079
LCD_Set_Cursor@c          cstackCOMMON 0073
LCD_Set_Cursor@r          cstackCOMMON 0076
LCD_Write_Char@Data       cstackCOMMON 0074
LCD_Write_Char@High4      cstackCOMMON 0073
LCD_Write_Char@Low4       cstackCOMMON 0072
LCD_Write_String@i        cstackCOMMON 007A
LCD_Write_String@str      cstackCOMMON 0075
_LCD_CMD                  text41       19E1
_LCD_Clear                text4        10C9
_LCD_DATA                 text42       1A0D
_LCD_Init                 text40       1DD5
_LCD_Set_Cursor           text26       1C3B
_LCD_Write_Char           text25       1B76
_LCD_Write_String         text24       1B39
_PORTB                    (abs)        0006
_RC0                      (abs)        0038
_RC1                      (abs)        0039
_RC2                      (abs)        003A
_RC3                      (abs)        003B
_RC4                      (abs)        003C
_RC5                      (abs)        003D
_TRISB                    (abs)        0086
_TRISC                    (abs)        0087
_TRISC4                   (abs)        043C
_TRISC5                   (abs)        043D
__Habs1                   abs1         0000
__Hbank0                  bank0        0000
__Hbank1                  bank1        0000
__Hbank2                  bank2        0000
__Hbank3                  bank3        0000
__HbssBANK1               bssBANK1     0000
__HbssBANK3               bssBANK3     0000
__Hcinit                  cinit        0800
__Hclrtext                clrtext      0000
__Hcode                   code         0000
__Hcommon                 common       0000
__Hconfig                 config       2008
__HcstackBANK0            cstackBANK0  0000
__HcstackBANK1            cstackBANK1  0000
__HcstackCOMMON           cstackCOMMON 0000
__HdataBANK1              dataBANK1    0000
__HdataBANK3              dataBANK3    0000
__Heeprom_data            eeprom_data  0000
__Hend_init               end_init     0003
__Hfunctab                functab      0000
__HidataBANK1             idataBANK1   0000
__HidataBANK3             idataBANK3   0000
__Hidloc                  idloc        2004
__Hinit                   init         0000
__Hinittext               inittext     0000
__Hintentry               intentry     0000
__Hmaintext               maintext     0000
__Hpowerup                powerup      0000
__Hram                    ram          0000
__Hreset_vec              reset_vec    0000
__Hsfr0                   sfr0         0000
__Hsfr1                   sfr1         0000
__Hsfr2                   sfr2         0000
__Hsfr3                   sfr3         0000
__Hspace_0                (abs)        2000
__Hspace_1                (abs)        01CA
__Hspace_2                (abs)        0000
__Hspace_3                (abs)        0000
__Hspace_4                (abs)        400F
__Hstack                  stack        0000
__Hstrings                strings      0000
__Htext                   text         0000
__Labs1                   abs1         0000
__Lbank0                  bank0        0000
__Lbank1                  bank1        0000
__Lbank2                  bank2        0000
__Lbank3                  bank3        0000
__LbssBANK1               bssBANK1     0000
__LbssBANK3               bssBANK3     0000
__Lcinit                  cinit        07D8
__Lclrtext                clrtext      0000
__Lcode                   code         0000
__Lcommon                 common       0000
__Lconfig                 config       0000
__LcstackBANK0            cstackBANK0  0000
__LcstackBANK1            cstackBANK1  0000
__LcstackCOMMON           cstackCOMMON 0000
__LdataBANK1              dataBANK1    0000
__LdataBANK3              dataBANK3    0000
__Leeprom_data            eeprom_data  0000
__Lend_init               end_init     0000
__Lfunctab                functab      0000
__LidataBANK1             idataBANK1   0000
__LidataBANK3             idataBANK3   0000
__Lidloc                  idloc        0000
__Linit                   init         0000
__Linittext               inittext     0000
__Lintentry               intentry     0000
__Lmaintext               maintext     0000
__Lpowerup                powerup      0000
__Lram                    ram          0000
__Lreset_vec              reset_vec    0000
__Lsfr0                   sfr0         0000
__Lsfr1                   sfr1         0000
__Lsfr2                   sfr2         0000
__Lsfr3                   sfr3         0000
__Lspace_0                (abs)        0000
__Lspace_1                (abs)        0000
__Lspace_2                (abs)        0000
__Lspace_3                (abs)        0000
__Lspace_4                (abs)        0000
__Lstack                  stack        0000
__Lstrings                strings      0000
__Ltext                   text         0000
__S0                      (abs)        2000
__S1                      (abs)        01CA
__S3                      (abs)        0000
__Umul8_16                text35       1ADF
__Umul8_16@multiplicand   cstackCOMMON 0070
__Umul8_16@multiplier     cstackCOMMON 0078
__Umul8_16@product        cstackCOMMON 0074
__Umul8_16@word_mpld      cstackCOMMON 0076
___awdiv                  text10       1D1D
___awdiv@counter          cstackBANK0  0020
___awdiv@dividend         cstackCOMMON 0079
___awdiv@divisor          cstackCOMMON 0077
___awdiv@quotient         cstackBANK0  0022
___awdiv@sign             cstackBANK0  0021
___awmod                  text9        1C86
___awmod@counter          cstackCOMMON 0075
___awmod@dividend         cstackCOMMON 0072
___awmod@divisor          cstackCOMMON 0070
___awmod@sign             cstackCOMMON 0076
___bmul                   text39       199C
___bmul@multiplicand      cstackCOMMON 0070
___bmul@multiplier        cstackCOMMON 0073
___bmul@product           cstackCOMMON 0072
___fladd                  text21       0831
___fladd@a                cstackBANK0  0056
___fladd@aexp             cstackBANK0  0063
___fladd@b                cstackBANK0  0052
___fladd@bexp             cstackBANK0  0064
___fladd@grs              cstackBANK0  0065
___fladd@signs            cstackBANK0  0062
___fldiv                  text38       1495
___fldiv@a                cstackCOMMON 0070
___fldiv@aexp             cstackBANK0  002C
___fldiv@b                cstackCOMMON 0074
___fldiv@bexp             cstackBANK0  002B
___fldiv@grs              cstackBANK0  0027
___fldiv@new_exp          cstackBANK0  0025
___fldiv@rem              cstackBANK0  0020
___fldiv@sign             cstackBANK0  0024
___fleq                   text37       1BF3
___fleq@ff1               cstackCOMMON 0070
___fleq@ff2               cstackCOMMON 0074
___flge                   text36       1E34
___flge@ff1               cstackCOMMON 0070
___flge@ff2               cstackCOMMON 0074
___flmul                  text34       0028
___flmul@a                cstackBANK0  0028
___flmul@aexp             cstackBANK0  0032
___flmul@b                cstackBANK0  0024
___flmul@bexp             cstackBANK0  0037
___flmul@grs              cstackBANK0  0033
___flmul@prod             cstackBANK0  0038
___flmul@sign             cstackBANK0  0031
___flmul@temp             cstackBANK0  003C
___flneg                  text33       1993
___flneg@f1               cstackCOMMON 0070
___flsub                  text20       1A5E
___flsub@a                cstackBANK0  0066
___flsub@b                cstackBANK0  006A
___fltol                  text19       10D4
___fltol@exp1             cstackCOMMON 007D
___fltol@f1               cstackBANK0  0051
___fltol@sign1            cstackCOMMON 007C
___int_sp                 stack        0000
___latbits                (abs)        0002
___lbdiv                  text13       1ABE
___lbdiv@counter          cstackCOMMON 007A
___lbdiv@dividend         cstackCOMMON 0079
___lbdiv@divisor          cstackCOMMON 0077
___lbdiv@quotient         cstackCOMMON 007B
___lbmod                  text12       080E
___lbmod@counter          cstackCOMMON 0075
___lbmod@dividend         cstackCOMMON 0074
___lbmod@divisor          cstackCOMMON 0070
___lbmod@rem              cstackCOMMON 0076
___lldiv                  text18       1D77
___lldiv@counter          cstackCOMMON 007D
___lldiv@dividend         cstackCOMMON 0074
___lldiv@divisor          cstackCOMMON 0070
___lldiv@quotient         cstackCOMMON 0079
___llmod                  text17       1CD1
___llmod@counter          cstackCOMMON 0079
___llmod@dividend         cstackCOMMON 0074
___llmod@divisor          cstackCOMMON 0070
___lmul                   text32       1BB4
___lmul@multiplicand      cstackCOMMON 0074
___lmul@multiplier        cstackCOMMON 0070
___lmul@product           cstackCOMMON 0079
___sp                     stack        0000
___stackhi                (abs)        0000
___stacklo                (abs)        0000
___wmul                   text16       1A9D
___wmul@multiplicand      cstackCOMMON 0072
___wmul@multiplier        cstackCOMMON 0070
___wmul@product           cstackCOMMON 0074
___xxtofl                 text31       1F5D
___xxtofl@arg             cstackCOMMON 007A
___xxtofl@exp             cstackCOMMON 0079
___xxtofl@sign            cstackCOMMON 0078
___xxtofl@val             cstackCOMMON 0070
__div_to_l_               text15       113F
__div_to_l_@cntr          cstackBANK0  0024
__div_to_l_@exp1          cstackBANK0  0025
__div_to_l_@f1            cstackCOMMON 0070
__div_to_l_@f2            cstackCOMMON 0074
__div_to_l_@quot          cstackBANK0  0020
__end_of_LCD_CMD          text41       19F5
__end_of_LCD_Clear        text4        10D4
__end_of_LCD_DATA         text42       1A27
__end_of_LCD_Init         text40       1E34
__end_of_LCD_Set_Cursor   text26       1C86
__end_of_LCD_Write_Char   text25       1BB4
__end_of_LCD_Write_String text24       1B76
__end_of__Umul8_16        text35       1B02
__end_of___awdiv          text10       1D77
__end_of___awmod          text9        1CD1
__end_of___bmul           text39       19AD
__end_of___fladd          text21       0A5E
__end_of___fldiv          text38       163D
__end_of___fleq           text37       1C3B
__end_of___flge           text36       1EC7
__end_of___flmul          text34       031D
__end_of___flneg          text33       199C
__end_of___flsub          text20       1A7C
__end_of___fltol          text19       113F
__end_of___lbdiv          text13       1ADF
__end_of___lbmod          text12       0831
__end_of___lldiv          text18       1DD5
__end_of___llmod          text17       1D1D
__end_of___lmul           text32       1BF3
__end_of___wmul           text16       1ABE
__end_of___xxtofl         text31       2000
__end_of__div_to_l_       text15       11E8
__end_of__initialization  cinit        07FC
__end_of__npowers_        strings      1078
__end_of__powers_         strings      1044
__end_of__stringtab       strings      1010
__end_of__tdiv_to_l_      text14       1291
__end_of_append           text1        136B
__end_of_atof             text27       19BE
__end_of_calc             text5        1495
__end_of_clr              text22       1A9D
__end_of_dpowers          strings      10A0
__end_of_fround           text11       1800
__end_of_isdigit          text30       080E
__end_of_isspace          text29       19E1
__end_of_main             maintext     1F5D
__end_of_memset           text23       1A5E
__end_of_scale            text8        1000
__end_of_show             text3        0028
__end_of_sprintf          text7        07D8
__end_of_strcpy           text6        1A42
__end_of_strncat          text2        1B39
__end_of_strtod           text28       0CD8
__initialization          cinit        07D8
__npowers_                strings      1044
__pbssBANK1               bssBANK1     00E5
__pbssBANK3               bssBANK3     0190
__pcstackBANK0            cstackBANK0  0020
__pcstackBANK1            cstackBANK1  00A0
__pcstackCOMMON           cstackCOMMON 0070
__pdataBANK1              dataBANK1    00ED
__pdataBANK3              dataBANK3    01B2
__pidataBANK1             idataBANK1   10C8
__pidataBANK3             idataBANK3   19F5
__pmaintext               maintext     1EC7
__powers_                 strings      1010
__pstrings                strings      1000
__ptext1                  text1        1291
__ptext10                 text10       1D1D
__ptext11                 text11       163D
__ptext12                 text12       080E
__ptext13                 text13       1ABE
__ptext14                 text14       11E8
__ptext15                 text15       113F
__ptext16                 text16       1A9D
__ptext17                 text17       1CD1
__ptext18                 text18       1D77
__ptext19                 text19       10D4
__ptext2                  text2        1B02
__ptext20                 text20       1A5E
__ptext21                 text21       0831
__ptext22                 text22       1A7C
__ptext23                 text23       1A42
__ptext24                 text24       1B39
__ptext25                 text25       1B76
__ptext26                 text26       1C3B
__ptext27                 text27       19AD
__ptext28                 text28       0A5E
__ptext29                 text29       19CF
__ptext3                  text3        0003
__ptext30                 text30       0800
__ptext31                 text31       1F5D
__ptext32                 text32       1BB4
__ptext33                 text33       1993
__ptext34                 text34       0028
__ptext35                 text35       1ADF
__ptext36                 text36       1E34
__ptext37                 text37       1BF3
__ptext38                 text38       1495
__ptext39                 text39       199C
__ptext4                  text4        10C9
__ptext40                 text40       1DD5
__ptext41                 text41       19E1
__ptext42                 text42       1A0D
__ptext5                  text5        136B
__ptext6                  text6        1A27
__ptext7                  text7        031D
__ptext8                  text8        0CD8
__ptext9                  text9        1C86
__stringbase              strings      100F
__stringtab               strings      1000
__tdiv_to_l_              text14       11E8
__tdiv_to_l_@cntr         cstackBANK0  0024
__tdiv_to_l_@exp1         cstackBANK0  0025
__tdiv_to_l_@f1           cstackCOMMON 0070
__tdiv_to_l_@f2           cstackCOMMON 0074
__tdiv_to_l_@quot         cstackBANK0  0020
_append                   text1        1291
_atof                     text27       19AD
_c                        bssBANK1     00E9
_calc                     text5        136B
_clr                      text22       1A7C
_dpowers                  strings      1078
_fround                   text11       163D
_fround$879               cstackBANK0  004D
_fround$880               cstackBANK0  0049
_in                       dataBANK3    01C2
_isdigit                  text30       0800
_isdigit$666              cstackCOMMON 0070
_isspace                  text29       19CF
_isspace$669              cstackCOMMON 0070
_key                      dataBANK3    01B2
_main                     maintext     1EC7
_memset                   text23       1A42
_operation                dataBANK1    00ED
_out                      dataBANK3    01C6
_scale                    text8        0CD8
_scale$881                cstackBANK0  004C
_show                     text3        0003
_sprintf                  text7        031D
_sprintf$882              cstackBANK1  00AA
_strcpy                   text6        1A27
_strncat                  text2        1B02
_strtod                   text28       0A5E
_val_1                    bssBANK1     00E5
_val_2                    bssBANK3     019A
_val_one                  bssBANK3     01A8
_val_two                  bssBANK3     019E
append@key                cstackBANK1  00DD
atof@s                    cstackBANK0  0052
btemp                     (abs)        007E
calc@num_1                cstackBANK1  00C3
calc@num_2                cstackBANK1  00C7
calc@operation            cstackBANK1  00CB
calc@res                  cstackBANK1  00CC
calc@result               cstackBANK1  00D6
clear_ram0                clrtext      198B
end_of_initialization     cinit        07FC
fround@prec               cstackBANK0  0051
init_fetch0               inittext     19BE
init_ram0                 inittext     19C2
intlevel0                 functab      0000
intlevel1                 functab      0000
intlevel2                 functab      0000
intlevel3                 functab      0000
intlevel4                 functab      0000
intlevel5                 functab      0000
isdigit@c                 cstackCOMMON 0071
isspace@c                 cstackCOMMON 0071
main@i                    cstackBANK1  00E1
main@j                    cstackBANK1  00E3
memset@c                  cstackCOMMON 0070
memset@n                  cstackCOMMON 0072
memset@p                  cstackCOMMON 0075
memset@p1                 cstackCOMMON 0076
reset_vec                 reset_vec    0000
scale@scl                 cstackBANK0  0050
sprintf@ap                cstackBANK1  00AE
sprintf@c                 cstackBANK1  00C2
sprintf@eexp              cstackBANK1  00B7
sprintf@f                 cstackBANK1  00A0
sprintf@flag              cstackBANK1  00AF
sprintf@fval              cstackBANK1  00BE
sprintf@prec              cstackBANK1  00B1
sprintf@sp                cstackBANK1  00BD
sprintf@tmpval            cstackBANK1  00B9
sprintf@val               cstackBANK1  00B3
start                     init         0000
start_initialization      cinit        07D8
strcpy@cp                 cstackCOMMON 0073
strcpy@from               cstackCOMMON 0070
strcpy@to                 cstackCOMMON 0072
strncat@cp                cstackCOMMON 0075
strncat@from              cstackCOMMON 0070
strncat@size              cstackCOMMON 0071
strncat@to                cstackCOMMON 0074
strtod@_u                 cstackBANK0  0049
strtod@eexp               cstackBANK0  0046
strtod@expon              cstackBANK0  0048
strtod@flags              cstackBANK0  0047
strtod@res                cstackBANK0  003E
strtod@s                  cstackBANK0  004D
wtemp0                    (abs)        007E


MODULE INFORMATION

Module		Function		Class		Link	Load	Size
C:\Program Files\Microchip\xc8\v2.36\pic\sources\c90\common\atof.c
		_atof          		CODE           	19AD	0000	17
		_strtod        		CODE           	0A5E	0000	634

C:\Program Files\Microchip\xc8\v2.36\pic\sources\c90\common\atof.c estimated size: 651

C:\Program Files\Microchip\xc8\v2.36\pic\sources\c90\common\doprnt.c
		_scale         		CODE           	0CD8	0000	808
		_sprintf       		CODE           	031D	0000	1211
		_fround        		CODE           	163D	0000	451

C:\Program Files\Microchip\xc8\v2.36\pic\sources\c90\common\doprnt.c estimated size: 2470

C:\Program Files\Microchip\xc8\v2.36\pic\sources\c90\common\awmod.c
		___awmod       		CODE           	1C86	0000	75

C:\Program Files\Microchip\xc8\v2.36\pic\sources\c90\common\awmod.c estimated size: 75

C:\Program Files\Microchip\xc8\v2.36\pic\sources\c90\common\llmod.c
		___llmod       		CODE           	1CD1	0000	76

C:\Program Files\Microchip\xc8\v2.36\pic\sources\c90\common\llmod.c estimated size: 76

C:\Program Files\Microchip\xc8\v2.36\pic\sources\c90\common\strncat.c
		_strncat       		CODE           	1B02	0000	55

C:\Program Files\Microchip\xc8\v2.36\pic\sources\c90\common\strncat.c estimated size: 55

C:\Program Files\Microchip\xc8\v2.36\pic\sources\c90\common\ftdivl.c
		__tdiv_to_l_   		CODE           	11E8	0000	169

C:\Program Files\Microchip\xc8\v2.36\pic\sources\c90\common\ftdivl.c estimated size: 169

C:\Program Files\Microchip\xc8\v2.36\pic\sources\c90\common\Umul16.c
		___wmul        		CODE           	1A9D	0000	33

C:\Program Files\Microchip\xc8\v2.36\pic\sources\c90\common\Umul16.c estimated size: 33

C:\Program Files\Microchip\xc8\v2.36\pic\sources\c90\common\isspace.c
		_isspace       		CODE           	19CF	0000	18

C:\Program Files\Microchip\xc8\v2.36\pic\sources\c90\common\isspace.c estimated size: 18

C:\Program Files\Microchip\xc8\v2.36\pic\sources\c90\common\fleq.c
		___fleq        		CODE           	1BF3	0000	72

C:\Program Files\Microchip\xc8\v2.36\pic\sources\c90\common\fleq.c estimated size: 72

C:\Program Files\Microchip\xc8\v2.36\pic\sources\c90\common\fldivl.c
		__div_to_l_    		CODE           	113F	0000	169

C:\Program Files\Microchip\xc8\v2.36\pic\sources\c90\common\fldivl.c estimated size: 169

C:\Program Files\Microchip\xc8\v2.36\pic\sources\c90\common\sprcmul.c
		___flmul       		CODE           	0028	0000	757

C:\Program Files\Microchip\xc8\v2.36\pic\sources\c90\common\sprcmul.c estimated size: 757

C:\Program Files\Microchip\xc8\v2.36\pic\sources\c90\common\awdiv.c
		___awdiv       		CODE           	1D1D	0000	90

C:\Program Files\Microchip\xc8\v2.36\pic\sources\c90\common\awdiv.c estimated size: 90

C:\Program Files\Microchip\xc8\v2.36\pic\sources\c90\common\fltol.c
		___fltol       		CODE           	10D4	0000	107

C:\Program Files\Microchip\xc8\v2.36\pic\sources\c90\common\fltol.c estimated size: 107

C:\Program Files\Microchip\xc8\v2.36\pic\sources\c90\common\__lldiv.c
		___lldiv       		CODE           	1D77	0000	94

C:\Program Files\Microchip\xc8\v2.36\pic\sources\c90\common\__lldiv.c estimated size: 94

C:\Program Files\Microchip\xc8\v2.36\pic\sources\c90\common\lbmod.c
		___lbmod       		CODE           	080E	0000	35

C:\Program Files\Microchip\xc8\v2.36\pic\sources\c90\common\lbmod.c estimated size: 35

C:\Program Files\Microchip\xc8\v2.36\pic\sources\c90\common\sprcdiv.c
		___fldiv       		CODE           	1495	0000	424

C:\Program Files\Microchip\xc8\v2.36\pic\sources\c90\common\sprcdiv.c estimated size: 424

C:\Program Files\Microchip\xc8\v2.36\pic\sources\c90\common\Umul8.c
		___bmul        		CODE           	199C	0000	17

C:\Program Files\Microchip\xc8\v2.36\pic\sources\c90\common\Umul8.c estimated size: 17

shared
		__stringtab    		STRING         	1000	0000	16
		__powers_      		STRING         	1010	0000	52
		_dpowers       		STRING         	1078	0000	40
		__npowers_     		STRING         	1044	0000	52
		__initialization		CODE           	07D8	0000	36

shared estimated size: 196

C:\Program Files\Microchip\xc8\v2.36\pic\sources\c90\common\Umul32.c
		___lmul        		CODE           	1BB4	0000	63

C:\Program Files\Microchip\xc8\v2.36\pic\sources\c90\common\Umul32.c estimated size: 63

C:\Program Files\Microchip\xc8\v2.36\pic\sources\c90\common\xxtofl.c
		___xxtofl      		CODE           	1F5D	0000	163

C:\Program Files\Microchip\xc8\v2.36\pic\sources\c90\common\xxtofl.c estimated size: 163

C:\Program Files\Microchip\xc8\v2.36\pic\sources\c90\common\flneg.c
		___flneg       		CODE           	1993	0000	9

C:\Program Files\Microchip\xc8\v2.36\pic\sources\c90\common\flneg.c estimated size: 9

C:\Program Files\Microchip\xc8\v2.36\pic\sources\c90\common\isdigit.c
		_isdigit       		CODE           	0800	0000	14

C:\Program Files\Microchip\xc8\v2.36\pic\sources\c90\common\isdigit.c estimated size: 14

C:\Program Files\Microchip\xc8\v2.36\pic\sources\c90\common\lbdiv.c
		___lbdiv       		CODE           	1ABE	0000	33

C:\Program Files\Microchip\xc8\v2.36\pic\sources\c90\common\lbdiv.c estimated size: 33

C:\Program Files\Microchip\xc8\v2.36\pic\sources\c90\common\sprcadd.c
		___flsub       		CODE           	1A5E	0000	30
		___fladd       		CODE           	0831	0000	557

C:\Program Files\Microchip\xc8\v2.36\pic\sources\c90\common\sprcadd.c estimated size: 587

C:\Program Files\Microchip\xc8\v2.36\pic\sources\c90\common\strcpy.c
		_strcpy        		CODE           	1A27	0000	27

C:\Program Files\Microchip\xc8\v2.36\pic\sources\c90\common\strcpy.c estimated size: 27

C:\Program Files\Microchip\xc8\v2.36\pic\sources\c90\common\memset.c
		_memset        		CODE           	1A42	0000	28

C:\Program Files\Microchip\xc8\v2.36\pic\sources\c90\common\memset.c estimated size: 28

main.c
		_LCD_Init      		CODE           	1DD5	0000	95
		_LCD_Write_Char		CODE           	1B76	0000	62
		_LCD_CMD       		CODE           	19E1	0000	20
		_LCD_DATA      		CODE           	1A0D	0000	26
		_main          		CODE           	1EC7	0000	150
		_append        		CODE           	1291	0000	218
		_clr           		CODE           	1A7C	0000	33
		_calc          		CODE           	136B	0000	298
		_LCD_Set_Cursor		CODE           	1C3B	0000	75
		_show          		CODE           	0003	0000	37
		_LCD_Clear     		CODE           	10C9	0000	11
		_LCD_Write_String		CODE           	1B39	0000	61

main.c estimated size: 1086

C:\Program Files\Microchip\xc8\v2.36\pic\sources\c90\common\flge.c
		___flge        		CODE           	1E34	0000	147

C:\Program Files\Microchip\xc8\v2.36\pic\sources\c90\common\flge.c estimated size: 147

C:\Program Files\Microchip\xc8\v2.36\pic\sources\c90\common\Umul8_16.c
		__Umul8_16     		CODE           	1ADF	0000	35

C:\Program Files\Microchip\xc8\v2.36\pic\sources\c90\common\Umul8_16.c estimated size: 35

